<?xml version="1.0" encoding="utf-8"?><testsuites><testsuite name="pytest" errors="0" failures="0" skipped="2" tests="5" time="1.706" timestamp="2021-12-07T08:53:28.632643" hostname="OLI-OMEN"><testcase classname="examples.streamlit_app" name="FLAKE8" time="0.000"><skipped type="pytest.skip" message="file(s) previously passed FLAKE8 checks">/home/olivier/dev/kairntech/sherpa_streamlit/.tox/py38/lib/python3.8/site-packages/pytest_flake8.py:116: file(s) previously passed FLAKE8 checks</skipped></testcase><testcase classname="src.sherpa_streamlit.__init__" name="FLAKE8" time="0.054" /><testcase classname="src.sherpa_streamlit.sherpa" name="FLAKE8" time="1.336"><skipped type="pytest.skip" message="file(s) previously passed FLAKE8 checks">/home/olivier/dev/kairntech/sherpa_streamlit/.tox/py38/lib/python3.8/site-packages/pytest_flake8.py:116: file(s) previously passed FLAKE8 checks</skipped></testcase><testcase classname="src.sherpa_streamlit.util" name="FLAKE8" time="0.082" /><testcase classname="src.sherpa_streamlit.visualizer" name="FLAKE8" time="0.128" /></testsuite></testsuites>